$ tsc --noEmit
../frontend-api/src/orpc-query.tsx(329,51): error TS2345: Argument of type 'Omit<UseMutationOptions<TOutput, Error, TInput, unknown>, "mutationFn" | "mutationKey"> | undefined' is not assignable to parameter of type 'MutationOptionsIn<ClientContext, TInput, TOutput, Error, unknown> | undefined'.
  Type 'Omit<UseMutationOptions<TOutput, Error, TInput, unknown>, "mutationFn" | "mutationKey">' is not assignable to type 'MutationOptionsIn<ClientContext, TInput, TOutput, Error, unknown>'.
    Type 'Omit<UseMutationOptions<TOutput, Error, TInput, unknown>, "mutationFn" | "mutationKey">' is not assignable to type 'MutationOptions<TInput, TOutput, Error, unknown>'.
      Types of property 'onError' are incompatible.
        Type '((error: Error, variables: TInput, onMutateResult: unknown, context: import("/app/core/frontend-api/node_modules/@tanstack/react-query/node_modules/@tanstack/query-core/build/modern/hydration-BlEVG2Lp").aV) => unknown) | undefined' is not assignable to type '((error: Error, variables: TInput, onMutateResult: unknown, context: import("/app/node_modules/@tanstack/query-core/build/modern/hydration-BlEVG2Lp").aV) => unknown) | undefined'.
          Type '(error: Error, variables: TInput, onMutateResult: unknown, context: import("/app/core/frontend-api/node_modules/@tanstack/react-query/node_modules/@tanstack/query-core/build/modern/hydration-BlEVG2Lp").aV) => unknown' is not assignable to type '(error: Error, variables: TInput, onMutateResult: unknown, context: import("/app/node_modules/@tanstack/query-core/build/modern/hydration-BlEVG2Lp").aV) => unknown'.
            Types of parameters 'context' and 'context' are incompatible.
              Type 'import("/app/node_modules/@tanstack/query-core/build/modern/hydration-BlEVG2Lp").aV' is not assignable to type 'import("/app/core/frontend-api/node_modules/@tanstack/react-query/node_modules/@tanstack/query-core/build/modern/hydration-BlEVG2Lp").aV'.
                Types of property 'client' are incompatible.
                  Type 'import("/app/node_modules/@tanstack/query-core/build/modern/hydration-BlEVG2Lp").g' is not assignable to type 'import("/app/core/frontend-api/node_modules/@tanstack/react-query/node_modules/@tanstack/query-core/build/modern/hydration-BlEVG2Lp").g'.
                    Property '#private' in type 'QueryClient' refers to a different member that cannot be accessed from within type 'QueryClient'.
../frontend-api/src/orpc-query.tsx(330,28): error TS2345: Argument of type 'MutationOptions<TInput, TOutput, Error, unknown>' is not assignable to parameter of type 'UseMutationOptions<TOutput, Error, TInput, unknown>'.
  Types of property 'onError' are incompatible.
    Type '((error: Error, variables: TInput, onMutateResult: unknown, context: import("/app/node_modules/@tanstack/query-core/build/modern/hydration-BlEVG2Lp").aV) => unknown) | undefined' is not assignable to type '((error: Error, variables: TInput, onMutateResult: unknown, context: import("/app/core/frontend-api/node_modules/@tanstack/react-query/node_modules/@tanstack/query-core/build/modern/hydration-BlEVG2Lp").aV) => unknown) | undefined'.
      Type '(error: Error, variables: TInput, onMutateResult: unknown, context: import("/app/node_modules/@tanstack/query-core/build/modern/hydration-BlEVG2Lp").aV) => unknown' is not assignable to type '(error: Error, variables: TInput, onMutateResult: unknown, context: import("/app/core/frontend-api/node_modules/@tanstack/react-query/node_modules/@tanstack/query-core/build/modern/hydration-BlEVG2Lp").aV) => unknown'.
        Types of parameters 'context' and 'context' are incompatible.
          Type 'import("/app/core/frontend-api/node_modules/@tanstack/react-query/node_modules/@tanstack/query-core/build/modern/hydration-BlEVG2Lp").aV' is not assignable to type 'import("/app/node_modules/@tanstack/query-core/build/modern/hydration-BlEVG2Lp").aV'.
            Types of property 'client' are incompatible.
              Type 'import("/app/core/frontend-api/node_modules/@tanstack/react-query/node_modules/@tanstack/query-core/build/modern/hydration-BlEVG2Lp").g' is not assignable to type 'import("/app/node_modules/@tanstack/query-core/build/modern/hydration-BlEVG2Lp").g'.
                Property '#private' in type 'QueryClient' refers to a different member that cannot be accessed from within type 'QueryClient'.
../frontend-api/src/orpc-query.tsx(342,23): error TS2769: No overload matches this call.
  Overload 1 of 3, '(options: DefinedInitialDataOptions<TOutput, Error, TOutput, readonly unknown[]>, queryClient?: QueryClient | undefined): DefinedUseQueryResult<...>', gave the following error.
    Argument of type '{ meta?: QueryMeta; select?: ((data: TOutput) => TOutput) | undefined; subscribed?: boolean; enabled?: Enabled<TOutput, Error, TOutput, readonly unknown[]> | undefined; ... 27 more ...; queryFn: (ctx: QueryFunctionContext) => Promise<...>; }' is not assignable to parameter of type 'DefinedInitialDataOptions<TOutput, Error, TOutput, readonly unknown[]>'.
      Type '{ meta?: QueryMeta; select?: ((data: TOutput) => TOutput) | undefined; subscribed?: boolean; enabled?: Enabled<TOutput, Error, TOutput, readonly unknown[]> | undefined; ... 27 more ...; queryFn: (ctx: QueryFunctionContext) => Promise<...>; }' is not assignable to type '{ initialData: NonUndefinedGuard<TOutput> | (() => NonUndefinedGuard<TOutput>); queryFn?: QueryFunction<TOutput, readonly unknown[]> | undefined; }'.
        Types of property 'initialData' are incompatible.
          Type 'TOutput | InitialDataFunction<TOutput> | undefined' is not assignable to type 'NonUndefinedGuard<TOutput> | (() => NonUndefinedGuard<TOutput>)'.
            Type 'undefined' is not assignable to type 'NonUndefinedGuard<TOutput> | (() => NonUndefinedGuard<TOutput>)'.
  Overload 2 of 3, '(options: UndefinedInitialDataOptions<TOutput, Error, TOutput, readonly unknown[]>, queryClient?: QueryClient | undefined): UseQueryResult<...>', gave the following error.
    Argument of type '{ meta?: QueryMeta; select?: ((data: TOutput) => TOutput) | undefined; subscribed?: boolean; enabled?: Enabled<TOutput, Error, TOutput, readonly unknown[]> | undefined; ... 27 more ...; queryFn: (ctx: QueryFunctionContext) => Promise<...>; }' is not assignable to parameter of type 'UndefinedInitialDataOptions<TOutput, Error, TOutput, readonly unknown[]>'.
      Type '{ meta?: QueryMeta; select?: ((data: TOutput) => TOutput) | undefined; subscribed?: boolean; enabled?: Enabled<TOutput, Error, TOutput, readonly unknown[]> | undefined; ... 27 more ...; queryFn: (ctx: QueryFunctionContext) => Promise<...>; }' is not assignable to type 'UseQueryOptions<TOutput, Error, TOutput, readonly unknown[]>'.
        Types of property 'queryFn' are incompatible.
          Type '(ctx: { client: QueryClient; queryKey: readonly unknown[]; signal: AbortSignal; meta: Record<string, unknown> | undefined; pageParam?: unknown; direction?: unknown; }) => Promise<TOutput>' is not assignable to type 'unique symbol | QueryFunction<TOutput, readonly unknown[], never> | undefined'.
            Type '(ctx: { client: QueryClient; queryKey: readonly unknown[]; signal: AbortSignal; meta: Record<string, unknown> | undefined; pageParam?: unknown; direction?: unknown; }) => Promise<TOutput>' is not assignable to type 'QueryFunction<TOutput, readonly unknown[], never>'.
              Types of parameters 'ctx' and 'context' are incompatible.
                Type '{ client: import("/app/core/frontend-api/node_modules/@tanstack/react-query/node_modules/@tanstack/query-core/build/modern/hydration-BlEVG2Lp").g; queryKey: readonly unknown[]; signal: AbortSignal; meta: Record<...> | undefined; pageParam?: unknown; direction?: unknown; }' is not assignable to type '{ client: import("/app/node_modules/@tanstack/query-core/build/modern/hydration-BlEVG2Lp").g; queryKey: readonly unknown[]; signal: AbortSignal; meta: Record<string, unknown> | undefined; pageParam?: unknown; direction?: unknown; }'.
                  Types of property 'client' are incompatible.
                    Type 'import("/app/core/frontend-api/node_modules/@tanstack/react-query/node_modules/@tanstack/query-core/build/modern/hydration-BlEVG2Lp").g' is not assignable to type 'import("/app/node_modules/@tanstack/query-core/build/modern/hydration-BlEVG2Lp").g'.
                      Property '#private' in type 'QueryClient' refers to a different member that cannot be accessed from within type 'QueryClient'.
  Overload 3 of 3, '(options: UseQueryOptions<TOutput, Error, TOutput, readonly unknown[]>, queryClient?: QueryClient | undefined): UseQueryResult<NoInfer<TOutput>, Error>', gave the following error.
    Argument of type '{ meta?: QueryMeta; select?: ((data: TOutput) => TOutput) | undefined; subscribed?: boolean; enabled?: Enabled<TOutput, Error, TOutput, readonly unknown[]> | undefined; ... 27 more ...; queryFn: (ctx: QueryFunctionContext) => Promise<...>; }' is not assignable to parameter of type 'UseQueryOptions<TOutput, Error, TOutput, readonly unknown[]>'.
      Types of property 'queryFn' are incompatible.
        Type '(ctx: { client: QueryClient; queryKey: readonly unknown[]; signal: AbortSignal; meta: Record<string, unknown> | undefined; pageParam?: unknown; direction?: unknown; }) => Promise<TOutput>' is not assignable to type 'unique symbol | QueryFunction<TOutput, readonly unknown[], never> | undefined'.
          Type '(ctx: { client: QueryClient; queryKey: readonly unknown[]; signal: AbortSignal; meta: Record<string, unknown> | undefined; pageParam?: unknown; direction?: unknown; }) => Promise<TOutput>' is not assignable to type 'QueryFunction<TOutput, readonly unknown[], never>'.
            Types of parameters 'ctx' and 'context' are incompatible.
              Type '{ client: import("/app/core/frontend-api/node_modules/@tanstack/react-query/node_modules/@tanstack/query-core/build/modern/hydration-BlEVG2Lp").g; queryKey: readonly unknown[]; signal: AbortSignal; meta: Record<...> | undefined; pageParam?: unknown; direction?: unknown; }' is not assignable to type '{ client: import("/app/node_modules/@tanstack/query-core/build/modern/hydration-BlEVG2Lp").g; queryKey: readonly unknown[]; signal: AbortSignal; meta: Record<string, unknown> | undefined; pageParam?: unknown; direction?: unknown; }'.
                Types of property 'client' are incompatible.
                  Type 'import("/app/core/frontend-api/node_modules/@tanstack/react-query/node_modules/@tanstack/query-core/build/modern/hydration-BlEVG2Lp").g' is not assignable to type 'import("/app/node_modules/@tanstack/query-core/build/modern/hydration-BlEVG2Lp").g'.
                    Property '#private' in type 'QueryClient' refers to a different member that cannot be accessed from within type 'QueryClient'.
